// Jest Snapshot v1, https://goo.gl/fbAQLP

exports[`BtcPriceDisplay renders without crashing 1`] = `
ShallowWrapper {
  "length": 1,
  Symbol(enzyme.__root__): [Circular],
  Symbol(enzyme.__unrendered__): <BtcPriceDisplay
    currency="USD"
    currentPrice={0}
/>,
  Symbol(enzyme.__renderer__): Object {
    "batchedUpdates": [Function],
    "getNode": [Function],
    "render": [Function],
    "simulateEvent": [Function],
    "unmount": [Function],
  },
  Symbol(enzyme.__node__): Object {
    "instance": null,
    "key": undefined,
    "nodeType": "host",
    "props": Object {
      "children": Array [
        <span
          className="currentPrice"
>
          USD
           
          0
</span>,
        <div
          className="poweredBox"
>
          Powered by CoinDesk
</div>,
      ],
      "className": "box",
      "style": Object {
        "padding": 20,
      },
    },
    "ref": null,
    "rendered": Array [
      Object {
        "instance": null,
        "key": undefined,
        "nodeType": "host",
        "props": Object {
          "children": Array [
            "USD",
            " ",
            0,
          ],
          "className": "currentPrice",
        },
        "ref": null,
        "rendered": Array [
          "USD",
          " ",
          0,
        ],
        "type": "span",
      },
      Object {
        "instance": null,
        "key": undefined,
        "nodeType": "host",
        "props": Object {
          "children": "Powered by CoinDesk",
          "className": "poweredBox",
        },
        "ref": null,
        "rendered": "Powered by CoinDesk",
        "type": "div",
      },
    ],
    "type": "div",
  },
  Symbol(enzyme.__nodes__): Array [
    Object {
      "instance": null,
      "key": undefined,
      "nodeType": "host",
      "props": Object {
        "children": Array [
          <span
            className="currentPrice"
>
            USD
             
            0
</span>,
          <div
            className="poweredBox"
>
            Powered by CoinDesk
</div>,
        ],
        "className": "box",
        "style": Object {
          "padding": 20,
        },
      },
      "ref": null,
      "rendered": Array [
        Object {
          "instance": null,
          "key": undefined,
          "nodeType": "host",
          "props": Object {
            "children": Array [
              "USD",
              " ",
              0,
            ],
            "className": "currentPrice",
          },
          "ref": null,
          "rendered": Array [
            "USD",
            " ",
            0,
          ],
          "type": "span",
        },
        Object {
          "instance": null,
          "key": undefined,
          "nodeType": "host",
          "props": Object {
            "children": "Powered by CoinDesk",
            "className": "poweredBox",
          },
          "ref": null,
          "rendered": "Powered by CoinDesk",
          "type": "div",
        },
      ],
      "type": "div",
    },
  ],
  Symbol(enzyme.__options__): Object {
    "adapter": ReactSixteenAdapter {
      "options": Object {
        "enableComponentDidUpdateOnSetState": true,
      },
    },
  },
}
`;
